ffffffff80500000 T __start
ffffffff80500054 T exit
ffffffff80500060 T start_kernel
ffffffff80500078 t hfclock_setting
ffffffff805000b0 t version_8186_B
ffffffff80500108 t set_B
ffffffff80500134 t version_8186_C
ffffffff8050018c t set_C
ffffffff805001b8 t start_watch_dog
ffffffff805001f0 T main
ffffffff80500270 T memcpy
ffffffff805002a0 T read_struct
ffffffff805002f0 T seek_forward
ffffffff8050034c T copy_to_region
ffffffff805003c0 T init_read
ffffffff805003d0 W __div64_32
ffffffff80500508 t number
ffffffff805007d4 T simple_strtoul
ffffffff805008a8 T simple_strtol
ffffffff805008e4 T vsprintf
ffffffff80500e40 T sprintf
ffffffff80500e70 T serial_outc
ffffffff80500eb4 T prom_printf
ffffffff80500f50 T strnicmp
ffffffff80500fec T strcat
ffffffff80501028 T strncat
ffffffff80501078 T strchr
ffffffff805010b4 T strlen
ffffffff805010d8 T strrchr
ffffffff80501134 T strnlen
ffffffff80501160 T strspn
ffffffff805011b0 T strpbrk
ffffffff805011f0 T strtok
ffffffff80501298 T strsep
ffffffff80501320 T memcmp
ffffffff80501360 T memscan
ffffffff80501390 T strstr
ffffffff80501418 T memchr
ffffffff80501450 t error
ffffffff80501488 T decompress_kernel
ffffffff805016f0 T flush_dcache
ffffffff80501784 T flush_icache
ffffffff805017c4 T flush_cache
ffffffff80501800 T LzmaDecodeProperties
ffffffff8050187c T LzmaDecode
ffffffff805022b0 T vmlinux_entry
ffffffff805022c0 R _ctype
ffffffff805025d0 D _fdata
ffffffff80502800 D __vmlinux_start
ffffffff805da5f0 D __vmlinux_end
ffffffff805da800 B _bstart
ffffffff805da800 b buf.3508
ffffffff805dac00 b output_data
ffffffff805dac04 b free_mem_ptr
ffffffff805dac08 b free_mem_ptr_end
ffffffff805dac10 B file_offset
ffffffff805dac14 B mips_io_port_base
ffffffff805dac18 B kernelStartAddr
ffffffff805dac1c B source_memory
ffffffff805dac20 B ___strtok
ffffffff805dac24 B __machine_arch_type
ffffffff805dac28 B _bend
